// Jest Snapshot v1, https://goo.gl/fbAQLP

exports[`renders without crashing 1`] = `
<div>
  <div
    className="results-container"
  >
    <Loader />
    <CurrentTemp />
    <Results />
    <Error />
  </div>
</div>
`;
